newman

Film API - Cinematar

Ôľí Authentication
Ôöö Register User
  POST http://localhost/php/PHP%20projekt/Szerveroldali-programozas-projekt/public/users/register [409 Conflict, 714B, 55ms]
  1. Status code is 201
  2. Response has success message
  3. User has default role

Ôöö Login - Admin
  POST http://localhost/php/PHP%20projekt/Szerveroldali-programozas-projekt/public/users/login [200 OK, 745B, 63ms]
  ÔłÜ  Status code is 200
  ÔłÜ  Response contains user data
  ÔłÜ  Session cookie is set

Ôöö Login - Moderator
  POST http://localhost/php/PHP%20projekt/Szerveroldali-programozas-projekt/public/users/login [401 Unauthorized, 630B, 70ms]
  4. Status code is 200
  5. User has moderator role

Ôöö Get Profile
  GET http://localhost/php/PHP%20projekt/Szerveroldali-programozas-projekt/public/users/profile [200 OK, 750B, 18ms]
  ÔłÜ  Status code is 200
  ÔłÜ  Profile contains user data

Ôöö Update Profile
  PUT http://localhost/php/PHP%20projekt/Szerveroldali-programozas-projekt/public/users/profile [500 Internal Server Error, 723B, 8ms]
  6. Status code is 200
  ÔłÜ  Profile updated successfully

Ôöö Change Password
  PUT http://localhost/php/PHP%20projekt/Szerveroldali-programozas-projekt/public/users/password [401 Unauthorized, 641B, 58ms]
  7. Status code is 200
  8. Password changed successfully

Ôöö Logout
  POST http://localhost/php/PHP%20projekt/Szerveroldali-programozas-projekt/public/users/logout [200 OK, 624B, 19ms]
  ÔłÜ  Status code is 200
  ÔłÜ  Logout successful

Ôľí Films
Ôöö Get All Films
  GET http://localhost/php/PHP%20projekt/Szerveroldali-programozas-projekt/public/films?limit=10&offset=0 [200 OK, 5.38kB, 6ms]
  ÔłÜ  Status code is 200
  ÔłÜ  Response contains films array
  ÔłÜ  Films have required fields

Ôöö Get Film by ID
  GET http://localhost/php/PHP%20projekt/Szerveroldali-programozas-projekt/public/films/1 [200 OK, 804B, 17ms]
  ÔłÜ  Status code is 200
  ÔłÜ  Film data is complete

Ôöö Create Film
  POST http://localhost/php/PHP%20projekt/Szerveroldali-programozas-projekt/public/films [201 Created, 806B, 18ms]
  ÔłÜ  Status code is 201
  ÔłÜ  Film created successfully

Ôöö Update Film
  PUT http://localhost/php/PHP%20projekt/Szerveroldali-programozas-projekt/public/films/1 [200 OK, 627B, 18ms]
  ÔłÜ  Status code is 200
  ÔłÜ  Film updated successfully

Ôöö Delete Film
  DELETE http://localhost/php/PHP%20projekt/Szerveroldali-programozas-projekt/public/films/999 [404 Not Found, 633B, 17ms]
  ÔłÜ  Status code is 404
  ÔłÜ  Film not found message returned

Ôľí Actors
Ôöö Get All Actors
  GET http://localhost/php/PHP%20projekt/Szerveroldali-programozas-projekt/public/actors?limit=20&offset=0 [200 OK, 2.26kB, 17ms]
  ÔłÜ  Status code is 200
  ÔłÜ  Response contains actors array
  ÔłÜ  Actors have required fields

Ôöö Get Actor by ID
  GET http://localhost/php/PHP%20projekt/Szerveroldali-programozas-projekt/public/actors/1 [200 OK, 732B, 18ms]
  ÔłÜ  Status code is 200
  ÔłÜ  Actor data includes bio

Ôöö Create Actor
  POST http://localhost/php/PHP%20projekt/Szerveroldali-programozas-projekt/public/actors [201 Created, 773B, 17ms]
  ÔłÜ  Status code is 201
  ÔłÜ  Actor created successfully

Ôöö Update Actor
  PUT http://localhost/php/PHP%20projekt/Szerveroldali-programozas-projekt/public/actors/1 [200 OK, 640B, 17ms]
  ÔłÜ  Status code is 200
  ÔłÜ  Actor updated successfully

Ôöö Delete Actor
  DELETE http://localhost/php/PHP%20projekt/Szerveroldali-programozas-projekt/public/actors/999 [404 Not Found, 646B, 5ms]
  ÔłÜ  Status code is 404
  ÔłÜ  Actor not found message returned

Ôľí Genres
Ôöö Get All Genres
  GET http://localhost/php/PHP%20projekt/Szerveroldali-programozas-projekt/public/genres [200 OK, 1.05kB, 17ms]
  ÔłÜ  Status code is 200
  ÔłÜ  Response contains genres

Ôöö Get Genre by ID
  GET http://localhost/php/PHP%20projekt/Szerveroldali-programozas-projekt/public/genres/1 [200 OK, 622B, 17ms]
  ÔłÜ  Status code is 200
  ÔłÜ  Genre data is valid

Ôöö Create Genre
  POST http://localhost/php/PHP%20projekt/Szerveroldali-programozas-projekt/public/genres [201 Created, 678B, 17ms]
  ÔłÜ  Status code is 201
  ÔłÜ  Genre created successfully

Ôľí Film-Genres
Ôöö Get Genres for Film
  GET http://localhost/php/PHP%20projekt/Szerveroldali-programozas-projekt/public/film-genres/film/1 [200 OK, 720B, 18ms]
  ÔłÜ  Status code is 200
  ÔłÜ  Response contains genres for film

Ôöö Add Genre to Film
  POST http://localhost/php/PHP%20projekt/Szerveroldali-programozas-projekt/public/film-genres [201 Created, 648B, 21ms]
  ÔłÜ  Status code is 201
  ÔłÜ  Genre added to film

Ôöö Remove Genre from Film
  DELETE http://localhost/php/PHP%20projekt/Szerveroldali-programozas-projekt/public/film-genres/film/1/genre/5 [200 OK, 645B, 17ms]
  ÔłÜ  Status code is 200
  ÔłÜ  Genre removed from film

Ôľí Admin
Ôöö Get All Users
  GET http://localhost/php/PHP%20projekt/Szerveroldali-programozas-projekt/public/users [401 Unauthorized, 654B, 16ms]
  9. Status code is 200
 10. Response contains users array
 11. Users have jogosultsag field

Ôöö Update User Role
  PUT http://localhost/php/PHP%20projekt/Szerveroldali-programozas-projekt/public/users/3/role [401 Unauthorized, 654B, 18ms]
 12. Status code is 200
  ÔłÜ  Role updated successfully

Ôöö Delete User
  DELETE http://localhost/php/PHP%20projekt/Szerveroldali-programozas-projekt/public/users/999 [401 Unauthorized, 654B, 17ms]
 13. Status code is 200
  ÔłÜ  User deleted successfully

ÔöîÔöÇÔöÇÔöÇÔöÇÔöÇÔöÇÔöÇÔöÇÔöÇÔöÇÔöÇÔöÇÔöÇÔöÇÔöÇÔöÇÔöÇÔöÇÔöÇÔöÇÔöÇÔöÇÔöÇÔöÇÔöÇÔöČÔöÇÔöÇÔöÇÔöÇÔöÇÔöÇÔöÇÔöÇÔöÇÔöÇÔöÇÔöÇÔöÇÔöÇÔöÇÔöÇÔöÇÔöÇÔöČÔöÇÔöÇÔöÇÔöÇÔöÇÔöÇÔöÇÔöÇÔöÇÔöÇÔöÇÔöÇÔöÇÔöÇÔöÇÔöÇÔöÇÔöÇÔöÉ
Ôöé                         Ôöé         executed Ôöé           failed Ôöé
ÔöťÔöÇÔöÇÔöÇÔöÇÔöÇÔöÇÔöÇÔöÇÔöÇÔöÇÔöÇÔöÇÔöÇÔöÇÔöÇÔöÇÔöÇÔöÇÔöÇÔöÇÔöÇÔöÇÔöÇÔöÇÔöÇÔö╝ÔöÇÔöÇÔöÇÔöÇÔöÇÔöÇÔöÇÔöÇÔöÇÔöÇÔöÇÔöÇÔöÇÔöÇÔöÇÔöÇÔöÇÔöÇÔö╝ÔöÇÔöÇÔöÇÔöÇÔöÇÔöÇÔöÇÔöÇÔöÇÔöÇÔöÇÔöÇÔöÇÔöÇÔöÇÔöÇÔöÇÔöÇÔöĄ
Ôöé              iterations Ôöé                1 Ôöé                0 Ôöé
ÔöťÔöÇÔöÇÔöÇÔöÇÔöÇÔöÇÔöÇÔöÇÔöÇÔöÇÔöÇÔöÇÔöÇÔöÇÔöÇÔöÇÔöÇÔöÇÔöÇÔöÇÔöÇÔöÇÔöÇÔöÇÔöÇÔö╝ÔöÇÔöÇÔöÇÔöÇÔöÇÔöÇÔöÇÔöÇÔöÇÔöÇÔöÇÔöÇÔöÇÔöÇÔöÇÔöÇÔöÇÔöÇÔö╝ÔöÇÔöÇÔöÇÔöÇÔöÇÔöÇÔöÇÔöÇÔöÇÔöÇÔöÇÔöÇÔöÇÔöÇÔöÇÔöÇÔöÇÔöÇÔöĄ
Ôöé                requests Ôöé               26 Ôöé                0 Ôöé
ÔöťÔöÇÔöÇÔöÇÔöÇÔöÇÔöÇÔöÇÔöÇÔöÇÔöÇÔöÇÔöÇÔöÇÔöÇÔöÇÔöÇÔöÇÔöÇÔöÇÔöÇÔöÇÔöÇÔöÇÔöÇÔöÇÔö╝ÔöÇÔöÇÔöÇÔöÇÔöÇÔöÇÔöÇÔöÇÔöÇÔöÇÔöÇÔöÇÔöÇÔöÇÔöÇÔöÇÔöÇÔöÇÔö╝ÔöÇÔöÇÔöÇÔöÇÔöÇÔöÇÔöÇÔöÇÔöÇÔöÇÔöÇÔöÇÔöÇÔöÇÔöÇÔöÇÔöÇÔöÇÔöĄ
Ôöé            test-scripts Ôöé               26 Ôöé                0 Ôöé
ÔöťÔöÇÔöÇÔöÇÔöÇÔöÇÔöÇÔöÇÔöÇÔöÇÔöÇÔöÇÔöÇÔöÇÔöÇÔöÇÔöÇÔöÇÔöÇÔöÇÔöÇÔöÇÔöÇÔöÇÔöÇÔöÇÔö╝ÔöÇÔöÇÔöÇÔöÇÔöÇÔöÇÔöÇÔöÇÔöÇÔöÇÔöÇÔöÇÔöÇÔöÇÔöÇÔöÇÔöÇÔöÇÔö╝ÔöÇÔöÇÔöÇÔöÇÔöÇÔöÇÔöÇÔöÇÔöÇÔöÇÔöÇÔöÇÔöÇÔöÇÔöÇÔöÇÔöÇÔöÇÔöĄ
Ôöé      prerequest-scripts Ôöé                1 Ôöé                0 Ôöé
ÔöťÔöÇÔöÇÔöÇÔöÇÔöÇÔöÇÔöÇÔöÇÔöÇÔöÇÔöÇÔöÇÔöÇÔöÇÔöÇÔöÇÔöÇÔöÇÔöÇÔöÇÔöÇÔöÇÔöÇÔöÇÔöÇÔö╝ÔöÇÔöÇÔöÇÔöÇÔöÇÔöÇÔöÇÔöÇÔöÇÔöÇÔöÇÔöÇÔöÇÔöÇÔöÇÔöÇÔöÇÔöÇÔö╝ÔöÇÔöÇÔöÇÔöÇÔöÇÔöÇÔöÇÔöÇÔöÇÔöÇÔöÇÔöÇÔöÇÔöÇÔöÇÔöÇÔöÇÔöÇÔöĄ
Ôöé              assertions Ôöé               57 Ôöé               13 Ôöé
ÔöťÔöÇÔöÇÔöÇÔöÇÔöÇÔöÇÔöÇÔöÇÔöÇÔöÇÔöÇÔöÇÔöÇÔöÇÔöÇÔöÇÔöÇÔöÇÔöÇÔöÇÔöÇÔöÇÔöÇÔöÇÔöÇÔö┤ÔöÇÔöÇÔöÇÔöÇÔöÇÔöÇÔöÇÔöÇÔöÇÔöÇÔöÇÔöÇÔöÇÔöÇÔöÇÔöÇÔöÇÔöÇÔö┤ÔöÇÔöÇÔöÇÔöÇÔöÇÔöÇÔöÇÔöÇÔöÇÔöÇÔöÇÔöÇÔöÇÔöÇÔöÇÔöÇÔöÇÔöÇÔöĄ
Ôöé total run duration: 2.8s                                      Ôöé
ÔöťÔöÇÔöÇÔöÇÔöÇÔöÇÔöÇÔöÇÔöÇÔöÇÔöÇÔöÇÔöÇÔöÇÔöÇÔöÇÔöÇÔöÇÔöÇÔöÇÔöÇÔöÇÔöÇÔöÇÔöÇÔöÇÔöÇÔöÇÔöÇÔöÇÔöÇÔöÇÔöÇÔöÇÔöÇÔöÇÔöÇÔöÇÔöÇÔöÇÔöÇÔöÇÔöÇÔöÇÔöÇÔöÇÔöÇÔöÇÔöÇÔöÇÔöÇÔöÇÔöÇÔöÇÔöÇÔöÇÔöÇÔöÇÔöÇÔöÇÔöÇÔöÇÔöÇÔöÇÔöĄ
Ôöé total data received: 9.2kB (approx)                           Ôöé
ÔöťÔöÇÔöÇÔöÇÔöÇÔöÇÔöÇÔöÇÔöÇÔöÇÔöÇÔöÇÔöÇÔöÇÔöÇÔöÇÔöÇÔöÇÔöÇÔöÇÔöÇÔöÇÔöÇÔöÇÔöÇÔöÇÔöÇÔöÇÔöÇÔöÇÔöÇÔöÇÔöÇÔöÇÔöÇÔöÇÔöÇÔöÇÔöÇÔöÇÔöÇÔöÇÔöÇÔöÇÔöÇÔöÇÔöÇÔöÇÔöÇÔöÇÔöÇÔöÇÔöÇÔöÇÔöÇÔöÇÔöÇÔöÇÔöÇÔöÇÔöÇÔöÇÔöÇÔöÇÔöĄ
Ôöé average response time: 23ms [min: 5ms, max: 70ms, s.d.: 16ms] Ôöé
ÔööÔöÇÔöÇÔöÇÔöÇÔöÇÔöÇÔöÇÔöÇÔöÇÔöÇÔöÇÔöÇÔöÇÔöÇÔöÇÔöÇÔöÇÔöÇÔöÇÔöÇÔöÇÔöÇÔöÇÔöÇÔöÇÔöÇÔöÇÔöÇÔöÇÔöÇÔöÇÔöÇÔöÇÔöÇÔöÇÔöÇÔöÇÔöÇÔöÇÔöÇÔöÇÔöÇÔöÇÔöÇÔöÇÔöÇÔöÇÔöÇÔöÇÔöÇÔöÇÔöÇÔöÇÔöÇÔöÇÔöÇÔöÇÔöÇÔöÇÔöÇÔöÇÔöÇÔöÇÔöś

[31m   # [39m[31m failure        [39m[31m detail                                                      [39m
[90m     [39m[90m                [39m[90m                                                             [39m
 01.  AssertionError  Status code is 201                                          
                      expected response to have status code 201 but got 409       
                      at assertion:0 in test-script                               
                      inside "Authentication / Register User"                     
[90m     [39m[90m                [39m[90m                                                             [39m
 02.  AssertionError  Response has success message                                
                      expected undefined to exist                                 
                      at assertion:1 in test-script                               
                      inside "Authentication / Register User"                     
[90m     [39m[90m                [39m[90m                                                             [39m
 03.  TypeError       User has default role                                       
                      Cannot read properties of undefined (reading 'jogosultsag') 
                      at assertion:2 in test-script                               
                      inside "Authentication / Register User"                     
[90m     [39m[90m                [39m[90m                                                             [39m
 04.  AssertionError  Status code is 200                                          
                      expected response to have status code 200 but got 401       
                      at assertion:0 in test-script                               
                      inside "Authentication / Login - Moderator"                 
[90m     [39m[90m                [39m[90m                                                             [39m
 05.  TypeError       User has moderator role                                     
                      Cannot read properties of undefined (reading 'jogosultsag') 
                      at assertion:1 in test-script                               
                      inside "Authentication / Login - Moderator"                 
[90m     [39m[90m                [39m[90m                                                             [39m
 06.  AssertionError  Status code is 200                                          
                      expected response to have status code 200 but got 500       
                      at assertion:0 in test-script                               
                      inside "Authentication / Update Profile"                    
[90m     [39m[90m                [39m[90m                                                             [39m
 07.  AssertionError  Status code is 200                                          
                      expected response to have status code 200 but got 401       
                      at assertion:0 in test-script                               
                      inside "Authentication / Change Password"                   
[90m     [39m[90m                [39m[90m                                                             [39m
 08.  AssertionError  Password changed successfully                               
                      expected 'Hib├ís jelenlegi jelsz├│.' to include 'sikeresen'   
                      at assertion:1 in test-script                               
                      inside "Authentication / Change Password"                   
[90m     [39m[90m                [39m[90m                                                             [39m
 09.  AssertionError  Status code is 200                                          
                      expected response to have status code 200 but got 401       
                      at assertion:0 in test-script                               
                      inside "Admin / Get All Users"                              
[90m     [39m[90m                [39m[90m                                                             [39m
 10.  AssertionError  Response contains users array                               
                      expected undefined to be an array                           
                      at assertion:1 in test-script                               
                      inside "Admin / Get All Users"                              
[90m     [39m[90m                [39m[90m                                                             [39m
 11.  TypeError       Users have jogosultsag field                                
                      Cannot read properties of undefined (reading 'length')      
                      at assertion:2 in test-script                               
                      inside "Admin / Get All Users"                              
[90m     [39m[90m                [39m[90m                                                             [39m
 12.  AssertionError  Status code is 200                                          
                      expected response to have status code 200 but got 401       
                      at assertion:0 in test-script                               
                      inside "Admin / Update User Role"                           
[90m     [39m[90m                [39m[90m                                                             [39m
 13.  AssertionError  Status code is 200                                          
                      expected response to have status code 200 but got 401       
                      at assertion:0 in test-script                               
                      inside "Admin / Delete User"                                
